// Jest Snapshot v1, https://goo.gl/fbAQLP

exports[`pages/login/components/signIn Html structure Should match snapshot 1`] = `
<form
  class="ui form"
>
  <div
    class="field"
  >
    <div
      class="ui fluid left icon input"
    >
      <input
        placeholder="Type your email"
        type="text"
      />
      <i
        aria-hidden="true"
        class="user icon"
      />
    </div>
  </div>
  <div
    class="field"
  >
    <div
      class="ui fluid left icon input"
    >
      <input
        placeholder="Type your password"
        type="password"
      />
      <i
        aria-hidden="true"
        class="eye link icon"
      />
    </div>
  </div>
  <a
    class="reset-password-link"
    href="/verify-email"
  >
    Forgot password?
  </a>
  <button
    class="ui fluid disabled button btn-confirm custom-button"
    disabled=""
    tabindex="-1"
    type="submit"
  >
    <div
      class="button-container"
    >
      <div
        class="content"
      >
        Log in
      </div>
    </div>
  </button>
</form>
`;
